../Core/Src/main.c:60:6:delay	16	static
../Core/Src/main.c:67:6:Display_Temp	48	static
../Core/Src/main.c:82:6:Set_Pin_Output	40	static
../Core/Src/main.c:92:6:Set_Pin_Input	40	static
../Core/Src/main.c:102:9:DS18B20_Start	16	static
../Core/Src/main.c:123:6:DS18B20_Write	24	static
../Core/Src/main.c:150:9:DS18B20_Read	16	static
../Core/Src/main.c:177:5:main	24	static
../Core/Src/main.c:248:6:SystemClock_Config	88	static
../Core/Src/main.c:290:13:MX_I2C1_Init	8	static
../Core/Src/main.c:312:13:MX_TIM11_Init	8	static
../Core/Src/main.c:331:13:MX_GPIO_Init	48	static
../Core/Src/main.c:364:6:Error_Handler	4	static,ignoring_inline_asm
